// Jest Snapshot v1, https://goo.gl/fbAQLP

exports[`should render ItemList with empty message 1`] = `
<div
  className="content-container"
>
  <div
    className="list-header"
  >
    <Link
      className="button"
      replace={false}
      to="/create"
    >
      + Add Item
    </Link>
    <Link
      className="button"
      replace={false}
      to="/selling"
    >
      Selling
    </Link>
  </div>
  <div
    className="list-body"
  >
    <div
      className="list-item--message"
    >
      <span>
        Items
      </span>
    </div>
    <div
      className="list-items list-item--message"
    >
      <span>
        No items
      </span>
    </div>
  </div>
</div>
`;

exports[`should render ItemList with expenses 1`] = `
<div
  className="content-container"
>
  <div
    className="list-header"
  >
    <Link
      className="button"
      replace={false}
      to="/create"
    >
      + Add Item
    </Link>
    <Link
      className="button"
      replace={false}
      to="/selling"
    >
      Selling
    </Link>
  </div>
  <div
    className="list-body"
  >
    <div
      className="list-item--message"
    >
      <span>
        Items
      </span>
    </div>
    <div
      className="list-items"
    >
      <ItemListItem
        item={
          Object {
            "category": "sports",
            "description": "fancy bike, good condition",
            "id": "1",
            "images": Array [
              Object {
                "deleted": false,
                "filename": "www.1.com",
                "id": 1,
                "url": "111",
              },
            ],
            "location": "Sydney",
            "price": 20000,
            "title": "bike",
            "userId": "thisismytestuid",
          }
        }
        key="1"
      />
      <ItemListItem
        item={
          Object {
            "category": "electronics",
            "description": "like new",
            "id": "2",
            "images": Array [
              Object {
                "deleted": false,
                "filename": "www.2.com",
                "id": 2,
                "url": "222",
              },
              Object {
                "deleted": false,
                "filename": "www.20.com",
                "id": 20,
                "url": 20202,
              },
            ],
            "location": "Dunedin",
            "price": 81000,
            "title": "stereo",
            "userId": "thisismytestuid",
          }
        }
        key="2"
      />
      <ItemListItem
        item={
          Object {
            "category": "vehicles",
            "description": "2007 model, runs well",
            "id": "3",
            "images": Array [
              Object {
                "deleted": false,
                "filename": "www.3.com",
                "id": 3,
                "url": "333",
              },
            ],
            "location": "Christchurch",
            "price": 1299999,
            "title": "Honda Accord",
            "userId": "thisismytestuid",
          }
        }
        key="3"
      />
    </div>
  </div>
</div>
`;
